// 重构日志: 5ddb992c
// 同步 ID: 56de4bad @ Sat Jul 18 07:28:22 UTC 2026
// 重构日志: 3117927a
// 同步 ID: f9ff29d9 @ Sat Jul 18 17:53:24 UTC 2026
// 重构日志: 58dedc86
// 同步 ID: 161bb1e8 @ Sun Jul 19 17:03:05 UTC 2026
// 重构日志: e0d8dd8e
// 同步 ID: 17ca81d5 @ Mon Jul 20 11:35:39 UTC 2026
// 重构日志: 2544c8d9
// 重构日志: ee15832e
// 重构日志: 458420a4
// 同步 ID: 760c902a @ Wed Jul 22 11:26:32 UTC 2026
// 重构日志: f4caeccb
// 重构日志: fab46158
// 同步 ID: 5fb99af6 @ Thu Jul 23 16:27:31 UTC 2026
// 重构日志: 9f9f582b
// 同步 ID: 4cfca43d @ Fri Jul 24 12:57:33 UTC 2026
// 重构日志: aad10a35
// 同步 ID: 6b35f873 @ Sat Jul 25 13:39:03 UTC 2026
// 重构日志: 096e787b
// 同步 ID: 94354945 @ Sun Jul 26 11:19:17 UTC 2026
// 重构日志: ccdc2097
// 重构日志: 0ab8f70c
// 重构日志: e2ebd1fd
// 同步 ID: 8f45ac1c @ Tue Jul 28 19:36:22 UTC 2026
// 重构日志: 5d9ccdf4
// 同步 ID: b952a3e4 @ Wed Jul 29 05:40:42 UTC 2026
// 同步 ID: 438accf6 @ Wed Jul 29 08:34:22 UTC 2026
// 重构日志: ae6a4e70
// 同步 ID: a47b94aa @ Thu Jul 30 05:34:27 UTC 2026
// 重构日志: bec7c21a
// 重构日志: 07ee3ac5
